// Jest Snapshot v1, https://goo.gl/fbAQLP

exports[`Testng al cliente Es Juan pablo 1`] = `" Juan 2"`;
